Script started on Wed 18 Nov 2015 07:13:19 PM PST
[cbent002@hammer rshell]$ make
make rshell
make[1]: Entering directory `/home/csmajs/cbent002/CS100/rshell'
mkdir -p bin; \
	g++ -Wall -Werror -ansi -pedantic src/rshell.cpp src/Connector.cpp src/Semicolon.cpp src/DoubleAnd.cpp src/DoubleOr.cpp src/Arguments.cpp src/Executable.cpp src/Command.cpp src/Test.cpp src/ParsedCommand.cpp -o rshell; \
	mv rshell ./bin
make[1]: Leaving directory `/home/csmajs/cbent002/CS100/rshell'
[cbent002@hammer rshell]$ bin/rshell
Entering rshell.

[cbent002@hammer.cs.ucr.edu]€ exit
Exiting rshell.

[cbent002@hammer rshell]$ bin/rshell
Entering rshell.

[cbent002@hammer.cs.ucr.edu]€ ls || exit
bin  exit.script  LICENSE  Makefile  README.md	src  tests
[cbent002@hammer.cs.ucr.edu]€ ls && exit
bin  exit.script  LICENSE  Makefile  README.md	src  tests
Exiting rshell.

[cbent002@hammer rshell]$ bin/rshell
Entering rshell.

[cbent002@hammer.cs.ucr.edu]€ ls; #exit
bin  exit.script  LICENSE  Makefile  README.md	src  tests
[cbent002@hammer.cs.ucr.edu]€ #exit
[cbent002@hammer.cs.ucr.edu]€ exit && ls
Exiting rshell.

[cbent002@hammer rshell]$ bin/rshell
Entering rshell.

[cbent002@hammer.cs.ucr.edu]€ sdsgsd
Error: execvp failed: No such file or directory
[cbent002@hammer.cs.ucr.edu]€ exit
Exiting rshell.

[cbent002@hammer.cs.ucr.edu]€ exit
Exiting rshell.

[cbent002@hammer rshell]$ exit

Script done on Wed 18 Nov 2015 07:14:24 PM PST
